Analysis & Synthesis report for top
Mon Dec 20 18:43:47 2021
Quartus Prime Version 19.1.0 Build 670 09/22/2019 SJ Lite Edition


---------------------
; Table of Contents ;
---------------------
  1. Legal Notice
  2. Analysis & Synthesis Summary
  3. Analysis & Synthesis Settings
  4. Parallel Compilation
  5. Analysis & Synthesis Source Files Read
  6. Analysis & Synthesis Resource Usage Summary
  7. Analysis & Synthesis Resource Utilization by Entity
  8. Registers Removed During Synthesis
  9. Removed Registers Triggering Further Register Optimizations
 10. General Register Statistics
 11. Inverted Register Statistics
 12. Multiplexer Restructuring Statistics (Restructuring Performed)
 13. Post-Synthesis Netlist Statistics for Top Partition
 14. Elapsed Time Per Partition
 15. Analysis & Synthesis Messages



----------------
; Legal Notice ;
----------------
Copyright (C) 2019  Intel Corporation. All rights reserved.
Your use of Intel Corporation's design tools, logic functions 
and other software and tools, and any partner logic 
functions, and any output files from any of the foregoing 
(including device programming or simulation files), and any 
associated documentation or information are expressly subject 
to the terms and conditions of the Intel Program License 
Subscription Agreement, the Intel Quartus Prime License Agreement,
the Intel FPGA IP License Agreement, or other applicable license
agreement, including, without limitation, that your use is for
the sole purpose of programming logic devices manufactured by
Intel and sold by Intel or its authorized distributors.  Please
refer to the applicable agreement for further details, at
https://fpgasoftware.intel.com/eula.



+----------------------------------------------------------------------------------+
; Analysis & Synthesis Summary                                                     ;
+------------------------------------+---------------------------------------------+
; Analysis & Synthesis Status        ; Successful - Mon Dec 20 18:43:47 2021       ;
; Quartus Prime Version              ; 19.1.0 Build 670 09/22/2019 SJ Lite Edition ;
; Revision Name                      ; top                                         ;
; Top-level Entity Name              ; top                                         ;
; Family                             ; Cyclone IV E                                ;
; Total logic elements               ; 786                                         ;
;     Total combinational functions  ; 694                                         ;
;     Dedicated logic registers      ; 383                                         ;
; Total registers                    ; 383                                         ;
; Total pins                         ; 64                                          ;
; Total virtual pins                 ; 0                                           ;
; Total memory bits                  ; 0                                           ;
; Embedded Multiplier 9-bit elements ; 0                                           ;
; Total PLLs                         ; 0                                           ;
+------------------------------------+---------------------------------------------+


+------------------------------------------------------------------------------------------------------------+
; Analysis & Synthesis Settings                                                                              ;
+------------------------------------------------------------------+--------------------+--------------------+
; Option                                                           ; Setting            ; Default Value      ;
+------------------------------------------------------------------+--------------------+--------------------+
; Device                                                           ; EP4CE30F23I7       ;                    ;
; Top-level entity name                                            ; top                ; top                ;
; Family name                                                      ; Cyclone IV E       ; Cyclone V          ;
; Use smart compilation                                            ; Off                ; Off                ;
; Enable parallel Assembler and Timing Analyzer during compilation ; On                 ; On                 ;
; Enable compact report table                                      ; Off                ; Off                ;
; Restructure Multiplexers                                         ; Auto               ; Auto               ;
; Create Debugging Nodes for IP Cores                              ; Off                ; Off                ;
; Preserve fewer node names                                        ; On                 ; On                 ;
; Intel FPGA IP Evaluation Mode                                    ; Enable             ; Enable             ;
; Verilog Version                                                  ; Verilog_2001       ; Verilog_2001       ;
; VHDL Version                                                     ; VHDL_1993          ; VHDL_1993          ;
; State Machine Processing                                         ; Auto               ; Auto               ;
; Safe State Machine                                               ; Off                ; Off                ;
; Extract Verilog State Machines                                   ; On                 ; On                 ;
; Extract VHDL State Machines                                      ; On                 ; On                 ;
; Ignore Verilog initial constructs                                ; Off                ; Off                ;
; Iteration limit for constant Verilog loops                       ; 5000               ; 5000               ;
; Iteration limit for non-constant Verilog loops                   ; 250                ; 250                ;
; Add Pass-Through Logic to Inferred RAMs                          ; On                 ; On                 ;
; Infer RAMs from Raw Logic                                        ; On                 ; On                 ;
; Parallel Synthesis                                               ; On                 ; On                 ;
; DSP Block Balancing                                              ; Auto               ; Auto               ;
; NOT Gate Push-Back                                               ; On                 ; On                 ;
; Power-Up Don't Care                                              ; On                 ; On                 ;
; Remove Redundant Logic Cells                                     ; Off                ; Off                ;
; Remove Duplicate Registers                                       ; On                 ; On                 ;
; Ignore CARRY Buffers                                             ; Off                ; Off                ;
; Ignore CASCADE Buffers                                           ; Off                ; Off                ;
; Ignore GLOBAL Buffers                                            ; Off                ; Off                ;
; Ignore ROW GLOBAL Buffers                                        ; Off                ; Off                ;
; Ignore LCELL Buffers                                             ; Off                ; Off                ;
; Ignore SOFT Buffers                                              ; On                 ; On                 ;
; Limit AHDL Integers to 32 Bits                                   ; Off                ; Off                ;
; Optimization Technique                                           ; Balanced           ; Balanced           ;
; Carry Chain Length                                               ; 70                 ; 70                 ;
; Auto Carry Chains                                                ; On                 ; On                 ;
; Auto Open-Drain Pins                                             ; On                 ; On                 ;
; Perform WYSIWYG Primitive Resynthesis                            ; Off                ; Off                ;
; Auto ROM Replacement                                             ; On                 ; On                 ;
; Auto RAM Replacement                                             ; On                 ; On                 ;
; Auto DSP Block Replacement                                       ; On                 ; On                 ;
; Auto Shift Register Replacement                                  ; Auto               ; Auto               ;
; Allow Shift Register Merging across Hierarchies                  ; Auto               ; Auto               ;
; Auto Clock Enable Replacement                                    ; On                 ; On                 ;
; Strict RAM Replacement                                           ; Off                ; Off                ;
; Allow Synchronous Control Signals                                ; On                 ; On                 ;
; Force Use of Synchronous Clear Signals                           ; Off                ; Off                ;
; Auto RAM Block Balancing                                         ; On                 ; On                 ;
; Auto RAM to Logic Cell Conversion                                ; Off                ; Off                ;
; Auto Resource Sharing                                            ; Off                ; Off                ;
; Allow Any RAM Size For Recognition                               ; Off                ; Off                ;
; Allow Any ROM Size For Recognition                               ; Off                ; Off                ;
; Allow Any Shift Register Size For Recognition                    ; Off                ; Off                ;
; Use LogicLock Constraints during Resource Balancing              ; On                 ; On                 ;
; Ignore translate_off and synthesis_off directives                ; Off                ; Off                ;
; Timing-Driven Synthesis                                          ; On                 ; On                 ;
; Report Parameter Settings                                        ; On                 ; On                 ;
; Report Source Assignments                                        ; On                 ; On                 ;
; Report Connectivity Checks                                       ; On                 ; On                 ;
; Ignore Maximum Fan-Out Assignments                               ; Off                ; Off                ;
; Synchronization Register Chain Length                            ; 2                  ; 2                  ;
; Power Optimization During Synthesis                              ; Normal compilation ; Normal compilation ;
; HDL message level                                                ; Level2             ; Level2             ;
; Suppress Register Optimization Related Messages                  ; Off                ; Off                ;
; Number of Removed Registers Reported in Synthesis Report         ; 5000               ; 5000               ;
; Number of Swept Nodes Reported in Synthesis Report               ; 5000               ; 5000               ;
; Number of Inverted Registers Reported in Synthesis Report        ; 100                ; 100                ;
; Clock MUX Protection                                             ; On                 ; On                 ;
; Auto Gated Clock Conversion                                      ; Off                ; Off                ;
; Block Design Naming                                              ; Auto               ; Auto               ;
; SDC constraint protection                                        ; Off                ; Off                ;
; Synthesis Effort                                                 ; Auto               ; Auto               ;
; Shift Register Replacement - Allow Asynchronous Clear Signal     ; On                 ; On                 ;
; Pre-Mapping Resynthesis Optimization                             ; Off                ; Off                ;
; Analysis & Synthesis Message Level                               ; Medium             ; Medium             ;
; Disable Register Merging Across Hierarchies                      ; Auto               ; Auto               ;
; Resource Aware Inference For Block RAM                           ; On                 ; On                 ;
+------------------------------------------------------------------+--------------------+--------------------+


+------------------------------------------+
; Parallel Compilation                     ;
+----------------------------+-------------+
; Processors                 ; Number      ;
+----------------------------+-------------+
; Number detected on machine ; 4           ;
; Maximum allowed            ; 2           ;
;                            ;             ;
; Average used               ; 1.00        ;
; Maximum used               ; 2           ;
;                            ;             ;
; Usage by Processor         ; % Time Used ;
;     Processor 1            ; 100.0%      ;
;     Processor 2            ;   0.0%      ;
+----------------------------+-------------+


+------------------------------------------------------------------------------------------------------------------------------+
; Analysis & Synthesis Source Files Read                                                                                       ;
+----------------------------------+-----------------+------------------------+--------------------------------------+---------+
; File Name with User-Entered Path ; Used in Netlist ; File Type              ; File Name with Absolute Path         ; Library ;
+----------------------------------+-----------------+------------------------+--------------------------------------+---------+
; ../top.v                         ; yes             ; User Verilog HDL File  ; /home/b2cs/work/prog2/top.v          ;         ;
; ../rom.v                         ; yes             ; User Verilog HDL File  ; /home/b2cs/work/prog2/rom.v          ;         ;
; ../ram.v                         ; yes             ; User Verilog HDL File  ; /home/b2cs/work/prog2/ram.v          ;         ;
; ../mode_control.v                ; yes             ; User Verilog HDL File  ; /home/b2cs/work/prog2/mode_control.v ;         ;
; ../io_port.v                     ; yes             ; User Verilog HDL File  ; /home/b2cs/work/prog2/io_port.v      ;         ;
; ../io_control.v                  ; yes             ; User Verilog HDL File  ; /home/b2cs/work/prog2/io_control.v   ;         ;
; ../cpu.v                         ; yes             ; User Verilog HDL File  ; /home/b2cs/work/prog2/cpu.v          ;         ;
+----------------------------------+-----------------+------------------------+--------------------------------------+---------+


+---------------------------------------------------------+
; Analysis & Synthesis Resource Usage Summary             ;
+---------------------------------------------+-----------+
; Resource                                    ; Usage     ;
+---------------------------------------------+-----------+
; Estimated Total logic elements              ; 786       ;
;                                             ;           ;
; Total combinational functions               ; 694       ;
; Logic element usage by number of LUT inputs ;           ;
;     -- 4 input functions                    ; 381       ;
;     -- 3 input functions                    ; 172       ;
;     -- <=2 input functions                  ; 141       ;
;                                             ;           ;
; Logic elements by mode                      ;           ;
;     -- normal mode                          ; 613       ;
;     -- arithmetic mode                      ; 81        ;
;                                             ;           ;
; Total registers                             ; 383       ;
;     -- Dedicated logic registers            ; 383       ;
;     -- I/O registers                        ; 0         ;
;                                             ;           ;
; I/O pins                                    ; 64        ;
;                                             ;           ;
; Embedded Multiplier 9-bit elements          ; 0         ;
;                                             ;           ;
; Maximum fan-out node                        ; rst~input ;
; Maximum fan-out                             ; 383       ;
; Total fan-out                               ; 3716      ;
; Average fan-out                             ; 3.08      ;
+---------------------------------------------+-----------+


+------------------------------------------------------------------------------------------------------------------------------------------------------------------------------------------------------------------------------------------------------+
; Analysis & Synthesis Resource Utilization by Entity                                                                                                                                                                                                  ;
+--------------------------------+---------------------+---------------------------+-------------+--------------+---------+-----------+------+--------------+------------------------------------------------------------+--------------+--------------+
; Compilation Hierarchy Node     ; Combinational ALUTs ; Dedicated Logic Registers ; Memory Bits ; DSP Elements ; DSP 9x9 ; DSP 18x18 ; Pins ; Virtual Pins ; Full Hierarchy Name                                        ; Entity Name  ; Library Name ;
+--------------------------------+---------------------+---------------------------+-------------+--------------+---------+-----------+------+--------------+------------------------------------------------------------+--------------+--------------+
; |top                           ; 694 (122)           ; 383 (0)                   ; 0           ; 0            ; 0       ; 0         ; 64   ; 0            ; |top                                                       ; top          ; work         ;
;    |cpu:cpu|                   ; 70 (8)              ; 35 (0)                    ; 0           ; 0            ; 0       ; 0         ; 0    ; 0            ; |top|cpu:cpu                                               ; cpu          ; work         ;
;       |alu:alu|                ; 32 (32)             ; 0 (0)                     ; 0           ; 0            ; 0       ; 0         ; 0    ; 0            ; |top|cpu:cpu|alu:alu                                       ; alu          ; work         ;
;       |cnt3:cnt_sc|            ; 3 (3)               ; 3 (3)                     ; 0           ; 0            ; 0       ; 0         ; 0    ; 0            ; |top|cpu:cpu|cnt3:cnt_sc                                   ; cnt3         ; work         ;
;       |csg:csg|                ; 27 (27)             ; 0 (0)                     ; 0           ; 0            ; 0       ; 0         ; 0    ; 0            ; |top|cpu:cpu|csg:csg                                       ; csg          ; work         ;
;       |reg8:reg_gr|            ; 0 (0)               ; 8 (8)                     ; 0           ; 0            ; 0       ; 0         ; 0    ; 0            ; |top|cpu:cpu|reg8:reg_gr                                   ; reg8         ; work         ;
;       |reg8:reg_ir|            ; 0 (0)               ; 8 (8)                     ; 0           ; 0            ; 0       ; 0         ; 0    ; 0            ; |top|cpu:cpu|reg8:reg_ir                                   ; reg8         ; work         ;
;       |reg8:reg_mar|           ; 0 (0)               ; 8 (8)                     ; 0           ; 0            ; 0       ; 0         ; 0    ; 0            ; |top|cpu:cpu|reg8:reg_mar                                  ; reg8         ; work         ;
;       |reg8:reg_pr|            ; 0 (0)               ; 8 (8)                     ; 0           ; 0            ; 0       ; 0         ; 0    ; 0            ; |top|cpu:cpu|reg8:reg_pr                                   ; reg8         ; work         ;
;    |io_control:io_control|     ; 404 (0)             ; 280 (0)                   ; 0           ; 0            ; 0       ; 0         ; 0    ; 0            ; |top|io_control:io_control                                 ; io_control   ; work         ;
;       |io_bz:io_bz|            ; 127 (1)             ; 75 (0)                    ; 0           ; 0            ; 0       ; 0         ; 0    ; 0            ; |top|io_control:io_control|io_bz:io_bz                     ; io_bz        ; work         ;
;          |bz_pitch:bp|         ; 46 (46)             ; 33 (33)                   ; 0           ; 0            ; 0       ; 0         ; 0    ; 0            ; |top|io_control:io_control|io_bz:io_bz|bz_pitch:bp         ; bz_pitch     ; work         ;
;          |bz_time:bt|          ; 80 (80)             ; 42 (42)                   ; 0           ; 0            ; 0       ; 0         ; 0    ; 0            ; |top|io_control:io_control|io_bz:io_bz|bz_time:bt          ; bz_time      ; work         ;
;       |io_psw:io_psw|          ; 169 (0)             ; 117 (0)                   ; 0           ; 0            ; 0       ; 0         ; 0    ; 0            ; |top|io_control:io_control|io_psw:io_psw                   ; io_psw       ; work         ;
;          |psw_detecter:p00|    ; 7 (7)               ; 5 (5)                     ; 0           ; 0            ; 0       ; 0         ; 0    ; 0            ; |top|io_control:io_control|io_psw:io_psw|psw_detecter:p00  ; psw_detecter ; work         ;
;          |psw_detecter:p01|    ; 7 (7)               ; 5 (5)                     ; 0           ; 0            ; 0       ; 0         ; 0    ; 0            ; |top|io_control:io_control|io_psw:io_psw|psw_detecter:p01  ; psw_detecter ; work         ;
;          |psw_detecter:p02|    ; 7 (7)               ; 5 (5)                     ; 0           ; 0            ; 0       ; 0         ; 0    ; 0            ; |top|io_control:io_control|io_psw:io_psw|psw_detecter:p02  ; psw_detecter ; work         ;
;          |psw_detecter:p03|    ; 7 (7)               ; 5 (5)                     ; 0           ; 0            ; 0       ; 0         ; 0    ; 0            ; |top|io_control:io_control|io_psw:io_psw|psw_detecter:p03  ; psw_detecter ; work         ;
;          |psw_detecter:p04|    ; 7 (7)               ; 5 (5)                     ; 0           ; 0            ; 0       ; 0         ; 0    ; 0            ; |top|io_control:io_control|io_psw:io_psw|psw_detecter:p04  ; psw_detecter ; work         ;
;          |psw_detecter:p05|    ; 7 (7)               ; 5 (5)                     ; 0           ; 0            ; 0       ; 0         ; 0    ; 0            ; |top|io_control:io_control|io_psw:io_psw|psw_detecter:p05  ; psw_detecter ; work         ;
;          |psw_detecter:p06|    ; 7 (7)               ; 5 (5)                     ; 0           ; 0            ; 0       ; 0         ; 0    ; 0            ; |top|io_control:io_control|io_psw:io_psw|psw_detecter:p06  ; psw_detecter ; work         ;
;          |psw_detecter:p07|    ; 7 (7)               ; 5 (5)                     ; 0           ; 0            ; 0       ; 0         ; 0    ; 0            ; |top|io_control:io_control|io_psw:io_psw|psw_detecter:p07  ; psw_detecter ; work         ;
;          |psw_detecter:p08|    ; 7 (7)               ; 5 (5)                     ; 0           ; 0            ; 0       ; 0         ; 0    ; 0            ; |top|io_control:io_control|io_psw:io_psw|psw_detecter:p08  ; psw_detecter ; work         ;
;          |psw_detecter:p09|    ; 7 (7)               ; 5 (5)                     ; 0           ; 0            ; 0       ; 0         ; 0    ; 0            ; |top|io_control:io_control|io_psw:io_psw|psw_detecter:p09  ; psw_detecter ; work         ;
;          |psw_detecter:p10|    ; 7 (7)               ; 5 (5)                     ; 0           ; 0            ; 0       ; 0         ; 0    ; 0            ; |top|io_control:io_control|io_psw:io_psw|psw_detecter:p10  ; psw_detecter ; work         ;
;          |psw_detecter:p11|    ; 7 (7)               ; 5 (5)                     ; 0           ; 0            ; 0       ; 0         ; 0    ; 0            ; |top|io_control:io_control|io_psw:io_psw|psw_detecter:p11  ; psw_detecter ; work         ;
;          |psw_detecter:p12|    ; 7 (7)               ; 5 (5)                     ; 0           ; 0            ; 0       ; 0         ; 0    ; 0            ; |top|io_control:io_control|io_psw:io_psw|psw_detecter:p12  ; psw_detecter ; work         ;
;          |psw_detecter:p13|    ; 7 (7)               ; 5 (5)                     ; 0           ; 0            ; 0       ; 0         ; 0    ; 0            ; |top|io_control:io_control|io_psw:io_psw|psw_detecter:p13  ; psw_detecter ; work         ;
;          |psw_detecter:p14|    ; 7 (7)               ; 5 (5)                     ; 0           ; 0            ; 0       ; 0         ; 0    ; 0            ; |top|io_control:io_control|io_psw:io_psw|psw_detecter:p14  ; psw_detecter ; work         ;
;          |psw_detecter:p15|    ; 7 (7)               ; 5 (5)                     ; 0           ; 0            ; 0       ; 0         ; 0    ; 0            ; |top|io_control:io_control|io_psw:io_psw|psw_detecter:p15  ; psw_detecter ; work         ;
;          |psw_detecter:p16|    ; 7 (7)               ; 5 (5)                     ; 0           ; 0            ; 0       ; 0         ; 0    ; 0            ; |top|io_control:io_control|io_psw:io_psw|psw_detecter:p16  ; psw_detecter ; work         ;
;          |psw_detecter:p17|    ; 7 (7)               ; 5 (5)                     ; 0           ; 0            ; 0       ; 0         ; 0    ; 0            ; |top|io_control:io_control|io_psw:io_psw|psw_detecter:p17  ; psw_detecter ; work         ;
;          |psw_detecter:p18|    ; 7 (7)               ; 5 (5)                     ; 0           ; 0            ; 0       ; 0         ; 0    ; 0            ; |top|io_control:io_control|io_psw:io_psw|psw_detecter:p18  ; psw_detecter ; work         ;
;          |psw_detecter:p19|    ; 7 (7)               ; 5 (5)                     ; 0           ; 0            ; 0       ; 0         ; 0    ; 0            ; |top|io_control:io_control|io_psw:io_psw|psw_detecter:p19  ; psw_detecter ; work         ;
;          |psw_pulse:pp|        ; 29 (29)             ; 17 (17)                   ; 0           ; 0            ; 0       ; 0         ; 0    ; 0            ; |top|io_control:io_control|io_psw:io_psw|psw_pulse:pp      ; psw_pulse    ; work         ;
;       |io_seg:io_seg|          ; 108 (0)             ; 88 (0)                    ; 0           ; 0            ; 0       ; 0         ; 0    ; 0            ; |top|io_control:io_control|io_seg:io_seg                   ; io_seg       ; work         ;
;          |seg_decoder:sd1|     ; 7 (7)               ; 7 (7)                     ; 0           ; 0            ; 0       ; 0         ; 0    ; 0            ; |top|io_control:io_control|io_seg:io_seg|seg_decoder:sd1   ; seg_decoder  ; work         ;
;          |seg_decoder:sd2|     ; 7 (7)               ; 7 (7)                     ; 0           ; 0            ; 0       ; 0         ; 0    ; 0            ; |top|io_control:io_control|io_seg:io_seg|seg_decoder:sd2   ; seg_decoder  ; work         ;
;          |seg_decoder:sd3|     ; 7 (7)               ; 7 (7)                     ; 0           ; 0            ; 0       ; 0         ; 0    ; 0            ; |top|io_control:io_control|io_seg:io_seg|seg_decoder:sd3   ; seg_decoder  ; work         ;
;          |seg_decoder:sd4|     ; 7 (7)               ; 7 (7)                     ; 0           ; 0            ; 0       ; 0         ; 0    ; 0            ; |top|io_control:io_control|io_seg:io_seg|seg_decoder:sd4   ; seg_decoder  ; work         ;
;          |seg_decoder:sd5|     ; 7 (7)               ; 7 (7)                     ; 0           ; 0            ; 0       ; 0         ; 0    ; 0            ; |top|io_control:io_control|io_seg:io_seg|seg_decoder:sd5   ; seg_decoder  ; work         ;
;          |seg_decoder:sd6|     ; 7 (7)               ; 7 (7)                     ; 0           ; 0            ; 0       ; 0         ; 0    ; 0            ; |top|io_control:io_control|io_seg:io_seg|seg_decoder:sd6   ; seg_decoder  ; work         ;
;          |seg_decoder:sd7|     ; 7 (7)               ; 7 (7)                     ; 0           ; 0            ; 0       ; 0         ; 0    ; 0            ; |top|io_control:io_control|io_seg:io_seg|seg_decoder:sd7   ; seg_decoder  ; work         ;
;          |seg_decoder:sd8|     ; 7 (7)               ; 7 (7)                     ; 0           ; 0            ; 0       ; 0         ; 0    ; 0            ; |top|io_control:io_control|io_seg:io_seg|seg_decoder:sd8   ; seg_decoder  ; work         ;
;          |seg_register:sr_a|   ; 16 (16)             ; 7 (7)                     ; 0           ; 0            ; 0       ; 0         ; 0    ; 0            ; |top|io_control:io_control|io_seg:io_seg|seg_register:sr_a ; seg_register ; work         ;
;          |seg_register:sr_b|   ; 14 (14)             ; 7 (7)                     ; 0           ; 0            ; 0       ; 0         ; 0    ; 0            ; |top|io_control:io_control|io_seg:io_seg|seg_register:sr_b ; seg_register ; work         ;
;          |seg_selecter:ss|     ; 22 (22)             ; 18 (18)                   ; 0           ; 0            ; 0       ; 0         ; 0    ; 0            ; |top|io_control:io_control|io_seg:io_seg|seg_selecter:ss   ; seg_selecter ; work         ;
;    |io_port:io_port|           ; 85 (85)             ; 33 (33)                   ; 0           ; 0            ; 0       ; 0         ; 0    ; 0            ; |top|io_port:io_port                                       ; io_port      ; work         ;
;    |mode_control:mode_control| ; 3 (3)               ; 3 (3)                     ; 0           ; 0            ; 0       ; 0         ; 0    ; 0            ; |top|mode_control:mode_control                             ; mode_control ; work         ;
;    |ram:ram|                   ; 4 (4)               ; 32 (32)                   ; 0           ; 0            ; 0       ; 0         ; 0    ; 0            ; |top|ram:ram                                               ; ram          ; work         ;
;    |rom:rom|                   ; 6 (6)               ; 0 (0)                     ; 0           ; 0            ; 0       ; 0         ; 0    ; 0            ; |top|rom:rom                                               ; rom          ; work         ;
+--------------------------------+---------------------+---------------------------+-------------+--------------+---------+-----------+------+--------------+------------------------------------------------------------+--------------+--------------+
Note: For table entries with two numbers listed, the numbers in parentheses indicate the number of resources of the given type used by the specific entity alone. The numbers listed outside of parentheses indicate the total resources of the given type used by the specific entity and all of its sub-entities in the hierarchy.


+--------------------------------------------------------------------------------------------------------------------------------------+
; Registers Removed During Synthesis                                                                                                   ;
+------------------------------------------------------------------+-------------------------------------------------------------------+
; Register name                                                    ; Reason for Removal                                                ;
+------------------------------------------------------------------+-------------------------------------------------------------------+
; io_control:io_control|io_seg:io_seg|seg_decoder:sd8|seg[0]       ; Stuck at GND due to stuck port data_in                            ;
; io_control:io_control|io_seg:io_seg|seg_decoder:sd7|seg[0]       ; Stuck at GND due to stuck port data_in                            ;
; io_control:io_control|io_seg:io_seg|seg_decoder:sd6|seg[0]       ; Stuck at GND due to stuck port data_in                            ;
; io_control:io_control|io_seg:io_seg|seg_decoder:sd5|seg[0]       ; Stuck at GND due to stuck port data_in                            ;
; io_control:io_control|io_seg:io_seg|seg_decoder:sd4|seg[0]       ; Stuck at GND due to stuck port data_in                            ;
; io_control:io_control|io_seg:io_seg|seg_decoder:sd3|seg[0]       ; Stuck at GND due to stuck port data_in                            ;
; io_control:io_control|io_seg:io_seg|seg_decoder:sd2|seg[0]       ; Stuck at GND due to stuck port data_in                            ;
; io_control:io_control|io_seg:io_seg|seg_decoder:sd1|seg[0]       ; Stuck at GND due to stuck port data_in                            ;
; io_control:io_control|io_bz:io_bz|bz_time:bt|cref[0..5]          ; Stuck at GND due to stuck port data_in                            ;
; io_control:io_control|io_bz:io_bz|bz_time:bt|cref[7]             ; Merged with io_control:io_control|io_bz:io_bz|bz_time:bt|cref[15] ;
; io_control:io_control|io_bz:io_bz|bz_time:bt|cref[6]             ; Merged with io_control:io_control|io_bz:io_bz|bz_time:bt|cref[14] ;
; io_control:io_control|io_seg:io_seg|seg_register:sr_b|seg_out[0] ; Stuck at GND due to stuck port data_in                            ;
; io_control:io_control|io_seg:io_seg|seg_register:sr_a|seg_out[0] ; Stuck at GND due to stuck port data_in                            ;
; Total Number of Removed Registers = 18                           ;                                                                   ;
+------------------------------------------------------------------+-------------------------------------------------------------------+


+-----------------------------------------------------------------------------------------------------------------------------------------------------------+
; Removed Registers Triggering Further Register Optimizations                                                                                               ;
+------------------------------------------------------------+---------------------------+------------------------------------------------------------------+
; Register name                                              ; Reason for Removal        ; Registers Removed due to This Register                           ;
+------------------------------------------------------------+---------------------------+------------------------------------------------------------------+
; io_control:io_control|io_seg:io_seg|seg_decoder:sd8|seg[0] ; Stuck at GND              ; io_control:io_control|io_seg:io_seg|seg_register:sr_b|seg_out[0] ;
;                                                            ; due to stuck port data_in ;                                                                  ;
; io_control:io_control|io_seg:io_seg|seg_decoder:sd4|seg[0] ; Stuck at GND              ; io_control:io_control|io_seg:io_seg|seg_register:sr_a|seg_out[0] ;
;                                                            ; due to stuck port data_in ;                                                                  ;
+------------------------------------------------------------+---------------------------+------------------------------------------------------------------+


+------------------------------------------------------+
; General Register Statistics                          ;
+----------------------------------------------+-------+
; Statistic                                    ; Value ;
+----------------------------------------------+-------+
; Total registers                              ; 383   ;
; Number of registers using Synchronous Clear  ; 0     ;
; Number of registers using Synchronous Load   ; 30    ;
; Number of registers using Asynchronous Clear ; 383   ;
; Number of registers using Asynchronous Load  ; 0     ;
; Number of registers using Clock Enable       ; 120   ;
; Number of registers using Preset             ; 0     ;
+----------------------------------------------+-------+


+-----------------------------------------------------------------------+
; Inverted Register Statistics                                          ;
+-------------------------------------------------------------+---------+
; Inverted Register                                           ; Fan out ;
+-------------------------------------------------------------+---------+
; io_control:io_control|io_seg:io_seg|seg_selecter:ss|cnt[0]  ; 2       ;
; io_control:io_control|io_seg:io_seg|seg_selecter:ss|sel[1]  ; 4       ;
; io_control:io_control|io_seg:io_seg|seg_selecter:ss|sel[2]  ; 5       ;
; io_control:io_control|io_seg:io_seg|seg_selecter:ss|sel[3]  ; 5       ;
; io_control:io_control|io_bz:io_bz|bz_pitch:bp|cref[0]       ; 1       ;
; io_control:io_control|io_bz:io_bz|bz_pitch:bp|cref[1]       ; 1       ;
; io_control:io_control|io_bz:io_bz|bz_pitch:bp|cref[2]       ; 1       ;
; io_control:io_control|io_bz:io_bz|bz_pitch:bp|cref[3]       ; 1       ;
; io_control:io_control|io_bz:io_bz|bz_pitch:bp|cref[4]       ; 1       ;
; io_control:io_control|io_bz:io_bz|bz_pitch:bp|cref[5]       ; 1       ;
; io_control:io_control|io_bz:io_bz|bz_pitch:bp|cref[6]       ; 1       ;
; io_control:io_control|io_bz:io_bz|bz_pitch:bp|cref[7]       ; 1       ;
; io_control:io_control|io_bz:io_bz|bz_pitch:bp|cref[8]       ; 1       ;
; io_control:io_control|io_bz:io_bz|bz_pitch:bp|cref[9]       ; 1       ;
; io_control:io_control|io_bz:io_bz|bz_pitch:bp|cref[10]      ; 1       ;
; io_control:io_control|io_bz:io_bz|bz_pitch:bp|cref[11]      ; 1       ;
; io_control:io_control|io_bz:io_bz|bz_pitch:bp|cref[12]      ; 1       ;
; io_control:io_control|io_bz:io_bz|bz_pitch:bp|cref[13]      ; 1       ;
; io_control:io_control|io_bz:io_bz|bz_pitch:bp|cref[15]      ; 1       ;
; io_control:io_control|io_bz:io_bz|bz_pitch:bp|cref[14]      ; 1       ;
; io_control:io_control|io_psw:io_psw|psw_detecter:p09|dly[0] ; 4       ;
; io_control:io_control|io_psw:io_psw|psw_detecter:p09|dly[1] ; 3       ;
; io_control:io_control|io_psw:io_psw|psw_detecter:p19|dly[0] ; 4       ;
; io_control:io_control|io_psw:io_psw|psw_detecter:p19|dly[1] ; 3       ;
; io_control:io_control|io_psw:io_psw|psw_detecter:p14|dly[0] ; 4       ;
; io_control:io_control|io_psw:io_psw|psw_detecter:p14|dly[1] ; 3       ;
; io_control:io_control|io_psw:io_psw|psw_detecter:p04|dly[0] ; 4       ;
; io_control:io_control|io_psw:io_psw|psw_detecter:p04|dly[1] ; 3       ;
; io_control:io_control|io_psw:io_psw|psw_detecter:p08|dly[0] ; 4       ;
; io_control:io_control|io_psw:io_psw|psw_detecter:p08|dly[1] ; 3       ;
; io_control:io_control|io_psw:io_psw|psw_detecter:p02|dly[0] ; 4       ;
; io_control:io_control|io_psw:io_psw|psw_detecter:p02|dly[1] ; 3       ;
; io_control:io_control|io_psw:io_psw|psw_detecter:p10|dly[0] ; 4       ;
; io_control:io_control|io_psw:io_psw|psw_detecter:p10|dly[1] ; 3       ;
; io_control:io_control|io_psw:io_psw|psw_detecter:p07|dly[0] ; 4       ;
; io_control:io_control|io_psw:io_psw|psw_detecter:p07|dly[1] ; 3       ;
; io_control:io_control|io_psw:io_psw|psw_detecter:p05|dly[0] ; 4       ;
; io_control:io_control|io_psw:io_psw|psw_detecter:p05|dly[1] ; 3       ;
; io_control:io_control|io_psw:io_psw|psw_detecter:p06|dly[0] ; 4       ;
; io_control:io_control|io_psw:io_psw|psw_detecter:p06|dly[1] ; 3       ;
; io_control:io_control|io_psw:io_psw|psw_detecter:p03|dly[0] ; 4       ;
; io_control:io_control|io_psw:io_psw|psw_detecter:p03|dly[1] ; 3       ;
; io_control:io_control|io_psw:io_psw|psw_detecter:p01|dly[0] ; 4       ;
; io_control:io_control|io_psw:io_psw|psw_detecter:p01|dly[1] ; 3       ;
; io_control:io_control|io_psw:io_psw|psw_detecter:p00|dly[0] ; 4       ;
; io_control:io_control|io_psw:io_psw|psw_detecter:p00|dly[1] ; 3       ;
; io_control:io_control|io_psw:io_psw|psw_detecter:p16|dly[0] ; 4       ;
; io_control:io_control|io_psw:io_psw|psw_detecter:p16|dly[1] ; 3       ;
; io_control:io_control|io_psw:io_psw|psw_detecter:p18|dly[0] ; 4       ;
; io_control:io_control|io_psw:io_psw|psw_detecter:p18|dly[1] ; 3       ;
; io_control:io_control|io_psw:io_psw|psw_detecter:p17|dly[0] ; 4       ;
; io_control:io_control|io_psw:io_psw|psw_detecter:p17|dly[1] ; 3       ;
; io_control:io_control|io_psw:io_psw|psw_detecter:p11|dly[0] ; 4       ;
; io_control:io_control|io_psw:io_psw|psw_detecter:p11|dly[1] ; 3       ;
; io_control:io_control|io_psw:io_psw|psw_detecter:p12|dly[0] ; 4       ;
; io_control:io_control|io_psw:io_psw|psw_detecter:p12|dly[1] ; 3       ;
; io_control:io_control|io_psw:io_psw|psw_detecter:p13|dly[0] ; 4       ;
; io_control:io_control|io_psw:io_psw|psw_detecter:p13|dly[1] ; 3       ;
; io_control:io_control|io_psw:io_psw|psw_detecter:p15|dly[0] ; 4       ;
; io_control:io_control|io_psw:io_psw|psw_detecter:p15|dly[1] ; 3       ;
; Total number of inverted registers = 60                     ;         ;
+-------------------------------------------------------------+---------+


+-------------------------------------------------------------------------------------------------------------------------------------------------------------------------------------+
; Multiplexer Restructuring Statistics (Restructuring Performed)                                                                                                                      ;
+--------------------+-----------+---------------+----------------------+------------------------+------------+-----------------------------------------------------------------------+
; Multiplexer Inputs ; Bus Width ; Baseline Area ; Area if Restructured ; Saving if Restructured ; Registered ; Example Multiplexer Output                                            ;
+--------------------+-----------+---------------+----------------------+------------------------+------------+-----------------------------------------------------------------------+
; 3:1                ; 16 bits   ; 32 LEs        ; 32 LEs               ; 0 LEs                  ; Yes        ; |top|io_control:io_control|io_bz:io_bz|bz_pitch:bp|cnt[9]             ;
; 3:1                ; 24 bits   ; 48 LEs        ; 48 LEs               ; 0 LEs                  ; Yes        ; |top|io_control:io_control|io_bz:io_bz|bz_time:bt|cnt[8]              ;
; 3:1                ; 4 bits    ; 8 LEs         ; 4 LEs                ; 4 LEs                  ; Yes        ; |top|io_port:io_port|io_data[1][7]                                    ;
; 3:1                ; 4 bits    ; 8 LEs         ; 4 LEs                ; 4 LEs                  ; Yes        ; |top|io_port:io_port|io_data[0][0]                                    ;
; 3:1                ; 4 bits    ; 8 LEs         ; 4 LEs                ; 4 LEs                  ; Yes        ; |top|io_port:io_port|io_data[2][4]                                    ;
; 4:1                ; 14 bits   ; 28 LEs        ; 28 LEs               ; 0 LEs                  ; Yes        ; |top|io_control:io_control|io_seg:io_seg|seg_register:sr_a|seg_out[1] ;
; 5:1                ; 3 bits    ; 9 LEs         ; 6 LEs                ; 3 LEs                  ; Yes        ; |top|io_control:io_control|io_psw:io_psw|psw_detecter:p09|cnt[0]      ;
; 5:1                ; 3 bits    ; 9 LEs         ; 6 LEs                ; 3 LEs                  ; Yes        ; |top|io_control:io_control|io_psw:io_psw|psw_detecter:p19|cnt[0]      ;
; 5:1                ; 3 bits    ; 9 LEs         ; 6 LEs                ; 3 LEs                  ; Yes        ; |top|io_control:io_control|io_psw:io_psw|psw_detecter:p14|cnt[0]      ;
; 5:1                ; 3 bits    ; 9 LEs         ; 6 LEs                ; 3 LEs                  ; Yes        ; |top|io_control:io_control|io_psw:io_psw|psw_detecter:p04|cnt[1]      ;
; 5:1                ; 3 bits    ; 9 LEs         ; 6 LEs                ; 3 LEs                  ; Yes        ; |top|io_control:io_control|io_psw:io_psw|psw_detecter:p00|cnt[1]      ;
; 5:1                ; 3 bits    ; 9 LEs         ; 6 LEs                ; 3 LEs                  ; Yes        ; |top|io_control:io_control|io_psw:io_psw|psw_detecter:p01|cnt[1]      ;
; 5:1                ; 3 bits    ; 9 LEs         ; 6 LEs                ; 3 LEs                  ; Yes        ; |top|io_control:io_control|io_psw:io_psw|psw_detecter:p02|cnt[0]      ;
; 5:1                ; 3 bits    ; 9 LEs         ; 6 LEs                ; 3 LEs                  ; Yes        ; |top|io_control:io_control|io_psw:io_psw|psw_detecter:p03|cnt[1]      ;
; 5:1                ; 3 bits    ; 9 LEs         ; 6 LEs                ; 3 LEs                  ; Yes        ; |top|io_control:io_control|io_psw:io_psw|psw_detecter:p05|cnt[0]      ;
; 5:1                ; 3 bits    ; 9 LEs         ; 6 LEs                ; 3 LEs                  ; Yes        ; |top|io_control:io_control|io_psw:io_psw|psw_detecter:p06|cnt[0]      ;
; 5:1                ; 3 bits    ; 9 LEs         ; 6 LEs                ; 3 LEs                  ; Yes        ; |top|io_control:io_control|io_psw:io_psw|psw_detecter:p07|cnt[1]      ;
; 5:1                ; 3 bits    ; 9 LEs         ; 6 LEs                ; 3 LEs                  ; Yes        ; |top|io_control:io_control|io_psw:io_psw|psw_detecter:p08|cnt[2]      ;
; 5:1                ; 3 bits    ; 9 LEs         ; 6 LEs                ; 3 LEs                  ; Yes        ; |top|io_control:io_control|io_psw:io_psw|psw_detecter:p10|cnt[0]      ;
; 5:1                ; 3 bits    ; 9 LEs         ; 6 LEs                ; 3 LEs                  ; Yes        ; |top|io_control:io_control|io_psw:io_psw|psw_detecter:p11|cnt[0]      ;
; 5:1                ; 3 bits    ; 9 LEs         ; 6 LEs                ; 3 LEs                  ; Yes        ; |top|io_control:io_control|io_psw:io_psw|psw_detecter:p12|cnt[0]      ;
; 5:1                ; 3 bits    ; 9 LEs         ; 6 LEs                ; 3 LEs                  ; Yes        ; |top|io_control:io_control|io_psw:io_psw|psw_detecter:p13|cnt[0]      ;
; 5:1                ; 3 bits    ; 9 LEs         ; 6 LEs                ; 3 LEs                  ; Yes        ; |top|io_control:io_control|io_psw:io_psw|psw_detecter:p15|cnt[0]      ;
; 5:1                ; 3 bits    ; 9 LEs         ; 6 LEs                ; 3 LEs                  ; Yes        ; |top|io_control:io_control|io_psw:io_psw|psw_detecter:p16|cnt[0]      ;
; 5:1                ; 3 bits    ; 9 LEs         ; 6 LEs                ; 3 LEs                  ; Yes        ; |top|io_control:io_control|io_psw:io_psw|psw_detecter:p17|cnt[1]      ;
; 5:1                ; 3 bits    ; 9 LEs         ; 6 LEs                ; 3 LEs                  ; Yes        ; |top|io_control:io_control|io_psw:io_psw|psw_detecter:p18|cnt[1]      ;
; 3:1                ; 32 bits   ; 64 LEs        ; 64 LEs               ; 0 LEs                  ; No         ; |top|val_a[3]                                                         ;
; 4:1                ; 8 bits    ; 16 LEs        ; 16 LEs               ; 0 LEs                  ; No         ; |top|cpu:cpu|alu:alu|Mux3                                             ;
; 9:1                ; 3 bits    ; 18 LEs        ; 18 LEs               ; 0 LEs                  ; No         ; |top|mem2cpu[6]                                                       ;
; 9:1                ; 5 bits    ; 30 LEs        ; 30 LEs               ; 0 LEs                  ; No         ; |top|mem2cpu[5]                                                       ;
+--------------------+-----------+---------------+----------------------+------------------------+------------+-----------------------------------------------------------------------+


+-----------------------------------------------------+
; Post-Synthesis Netlist Statistics for Top Partition ;
+-----------------------+-----------------------------+
; Type                  ; Count                       ;
+-----------------------+-----------------------------+
; boundary_port         ; 64                          ;
; cycloneiii_ff         ; 383                         ;
;     CLR               ; 233                         ;
;     CLR SLD           ; 30                          ;
;     ENA CLR           ; 120                         ;
; cycloneiii_lcell_comb ; 698                         ;
;     arith             ; 81                          ;
;         1 data inputs ; 1                           ;
;         2 data inputs ; 72                          ;
;         3 data inputs ; 8                           ;
;     normal            ; 617                         ;
;         0 data inputs ; 1                           ;
;         1 data inputs ; 32                          ;
;         2 data inputs ; 39                          ;
;         3 data inputs ; 164                         ;
;         4 data inputs ; 381                         ;
;                       ;                             ;
; Max LUT depth         ; 11.00                       ;
; Average LUT depth     ; 4.45                        ;
+-----------------------+-----------------------------+


+-------------------------------+
; Elapsed Time Per Partition    ;
+----------------+--------------+
; Partition Name ; Elapsed Time ;
+----------------+--------------+
; Top            ; 00:00:02     ;
+----------------+--------------+


+-------------------------------+
; Analysis & Synthesis Messages ;
+-------------------------------+
Info: *******************************************************************
Info: Running Quartus Prime Analysis & Synthesis
    Info: Version 19.1.0 Build 670 09/22/2019 SJ Lite Edition
    Info: Processing started: Mon Dec 20 18:43:32 2021
Info: Command: quartus_map --read_settings_files=on --write_settings_files=off top -c top
Warning (18236): Number of processors has not been specified which may cause overloading on shared machines.  Set the global assignment NUM_PARALLEL_PROCESSORS in your QSF to an appropriate value for best performance.
Info (20030): Parallel compilation is enabled and will use 2 of the 2 processors detected
Info (12021): Found 1 design units, including 1 entities, in source file /home/b2cs/work/prog2/top.v
    Info (12023): Found entity 1: top File: /home/b2cs/work/prog2/top.v Line: 3
Info (12021): Found 1 design units, including 1 entities, in source file /home/b2cs/work/prog2/rom.v
    Info (12023): Found entity 1: rom File: /home/b2cs/work/prog2/rom.v Line: 1
Info (12021): Found 1 design units, including 1 entities, in source file /home/b2cs/work/prog2/ram.v
    Info (12023): Found entity 1: ram File: /home/b2cs/work/prog2/ram.v Line: 1
Info (12021): Found 1 design units, including 1 entities, in source file /home/b2cs/work/prog2/mode_control.v
    Info (12023): Found entity 1: mode_control File: /home/b2cs/work/prog2/mode_control.v Line: 1
Info (12021): Found 1 design units, including 1 entities, in source file /home/b2cs/work/prog2/io_port.v
    Info (12023): Found entity 1: io_port File: /home/b2cs/work/prog2/io_port.v Line: 1
Info (12021): Found 11 design units, including 11 entities, in source file /home/b2cs/work/prog2/io_control.v
    Info (12023): Found entity 1: io_control File: /home/b2cs/work/prog2/io_control.v Line: 1
    Info (12023): Found entity 2: io_bz File: /home/b2cs/work/prog2/io_control.v Line: 42
    Info (12023): Found entity 3: bz_pitch File: /home/b2cs/work/prog2/io_control.v Line: 68
    Info (12023): Found entity 4: bz_time File: /home/b2cs/work/prog2/io_control.v Line: 145
    Info (12023): Found entity 5: io_psw File: /home/b2cs/work/prog2/io_control.v Line: 217
    Info (12023): Found entity 6: psw_pulse File: /home/b2cs/work/prog2/io_control.v Line: 259
    Info (12023): Found entity 7: psw_detecter File: /home/b2cs/work/prog2/io_control.v Line: 290
    Info (12023): Found entity 8: io_seg File: /home/b2cs/work/prog2/io_control.v Line: 336
    Info (12023): Found entity 9: seg_selecter File: /home/b2cs/work/prog2/io_control.v Line: 380
    Info (12023): Found entity 10: seg_decoder File: /home/b2cs/work/prog2/io_control.v Line: 422
    Info (12023): Found entity 11: seg_register File: /home/b2cs/work/prog2/io_control.v Line: 466
Info (12021): Found 5 design units, including 5 entities, in source file /home/b2cs/work/prog2/cpu.v
    Info (12023): Found entity 1: cpu File: /home/b2cs/work/prog2/cpu.v Line: 1
    Info (12023): Found entity 2: reg8 File: /home/b2cs/work/prog2/cpu.v Line: 41
    Info (12023): Found entity 3: cnt3 File: /home/b2cs/work/prog2/cpu.v Line: 58
    Info (12023): Found entity 4: alu File: /home/b2cs/work/prog2/cpu.v Line: 76
    Info (12023): Found entity 5: csg File: /home/b2cs/work/prog2/cpu.v Line: 95
Info (12127): Elaborating entity "top" for the top level hierarchy
Info (12128): Elaborating entity "mode_control" for hierarchy "mode_control:mode_control" File: /home/b2cs/work/prog2/top.v Line: 34
Info (12128): Elaborating entity "cpu" for hierarchy "cpu:cpu" File: /home/b2cs/work/prog2/top.v Line: 39
Info (12128): Elaborating entity "reg8" for hierarchy "cpu:cpu|reg8:reg_pr" File: /home/b2cs/work/prog2/cpu.v Line: 24
Info (12128): Elaborating entity "alu" for hierarchy "cpu:cpu|alu:alu" File: /home/b2cs/work/prog2/cpu.v Line: 29
Info (12128): Elaborating entity "cnt3" for hierarchy "cpu:cpu|cnt3:cnt_sc" File: /home/b2cs/work/prog2/cpu.v Line: 31
Info (12128): Elaborating entity "csg" for hierarchy "cpu:cpu|csg:csg" File: /home/b2cs/work/prog2/cpu.v Line: 37
Info (12128): Elaborating entity "rom" for hierarchy "rom:rom" File: /home/b2cs/work/prog2/top.v Line: 42
Info (12128): Elaborating entity "ram" for hierarchy "ram:ram" File: /home/b2cs/work/prog2/top.v Line: 47
Info (12128): Elaborating entity "io_port" for hierarchy "io_port:io_port" File: /home/b2cs/work/prog2/top.v Line: 53
Info (10264): Verilog HDL Case Statement information at io_port.v(33): all case item expressions in this case statement are onehot File: /home/b2cs/work/prog2/io_port.v Line: 33
Info (12128): Elaborating entity "io_control" for hierarchy "io_control:io_control" File: /home/b2cs/work/prog2/top.v Line: 62
Info (12128): Elaborating entity "io_bz" for hierarchy "io_control:io_control|io_bz:io_bz" File: /home/b2cs/work/prog2/io_control.v Line: 23
Info (12128): Elaborating entity "bz_time" for hierarchy "io_control:io_control|io_bz:io_bz|bz_time:bt" File: /home/b2cs/work/prog2/io_control.v Line: 54
Info (12128): Elaborating entity "bz_pitch" for hierarchy "io_control:io_control|io_bz:io_bz|bz_pitch:bp" File: /home/b2cs/work/prog2/io_control.v Line: 55
Info (12128): Elaborating entity "io_psw" for hierarchy "io_control:io_control|io_psw:io_psw" File: /home/b2cs/work/prog2/io_control.v Line: 27
Info (12128): Elaborating entity "psw_pulse" for hierarchy "io_control:io_control|io_psw:io_psw|psw_pulse:pp" File: /home/b2cs/work/prog2/io_control.v Line: 227
Info (12128): Elaborating entity "psw_detecter" for hierarchy "io_control:io_control|io_psw:io_psw|psw_detecter:p00" File: /home/b2cs/work/prog2/io_control.v Line: 229
Info (12128): Elaborating entity "io_seg" for hierarchy "io_control:io_control|io_seg:io_seg" File: /home/b2cs/work/prog2/io_control.v Line: 34
Info (12128): Elaborating entity "seg_selecter" for hierarchy "io_control:io_control|io_seg:io_seg|seg_selecter:ss" File: /home/b2cs/work/prog2/io_control.v Line: 350
Info (12128): Elaborating entity "seg_decoder" for hierarchy "io_control:io_control|io_seg:io_seg|seg_decoder:sd1" File: /home/b2cs/work/prog2/io_control.v Line: 352
Info (12128): Elaborating entity "seg_register" for hierarchy "io_control:io_control|io_seg:io_seg|seg_register:sr_a" File: /home/b2cs/work/prog2/io_control.v Line: 363
Warning (19016): Clock multiplexers are found and protected
    Warning (19017): Found clock multiplexer cpu_clk File: /home/b2cs/work/prog2/top.v Line: 29
Info (13000): Registers with preset signals will power-up high File: /home/b2cs/work/prog2/io_control.v Line: 407
Info (13003): DEV_CLRn pin will set, and not reset, register with preset signal due to NOT Gate Push-Back
Warning (13024): Output pins are stuck at VCC or GND
    Warning (13410): Pin "seg_a[0]" is stuck at GND File: /home/b2cs/work/prog2/top.v Line: 13
    Warning (13410): Pin "seg_b[0]" is stuck at GND File: /home/b2cs/work/prog2/top.v Line: 13
Info (286030): Timing-Driven Synthesis is running
Info (16010): Generating hard_block partition "hard_block:auto_generated_inst"
    Info (16011): Adding 0 node(s), including 0 DDIO, 0 PLL, 0 transceiver and 0 LCELL
Info (21057): Implemented 859 device resources after synthesis - the final resource count might be different
    Info (21058): Implemented 31 input pins
    Info (21059): Implemented 33 output pins
    Info (21061): Implemented 795 logic cells
Info: Quartus Prime Analysis & Synthesis was successful. 0 errors, 6 warnings
    Info: Peak virtual memory: 925 megabytes
    Info: Processing ended: Mon Dec 20 18:43:47 2021
    Info: Elapsed time: 00:00:15
    Info: Total CPU time (on all processors): 00:00:34


